◇ injected env (26) from .env // tip: ⌘ override existing { override: true }
MySQL no configurado. El bot funcionara sin guardar clientes.
Servidor listo en el puerto 3000
Recordatorios de citas activos cada 60000ms
Seguimiento de servicios activo cada 60000ms
body [{"id":"1564567048672340","changes":[{"value":{"messaging_product":"whatsapp","metadata":{"display_phone_number":"5219821060551","phone_number_id":"1156248197578166"},"contacts":[{"profile":{"name":"Mau"},"wa_id":"5219811695579","user_id":"MX.4273147889613684"}],"messages":[{"from":"5219811695579","from_user_id":"MX.4273147889613684","id":"wamid.HBgNNTIxOTgxMTY5NTU3ORUCABIYIEFDRkMxNUJBMTg1NkJENzAxNjZDNzAyRDdCQTk3MzNDAA==","timestamp":"1781636454","text":{"body":"Tengo una cita actual?"},"type":"text"}]},"field":"messages"}]}]
messageInfo {
  from: '5219811695579',
  waId: '5219811695579',
  to: '529811695579',
  type: 'text',
  messageText: 'Tengo una cita actual?'
}
activeTool null
result {
  messaging_product: 'whatsapp',
  contacts: [ { input: '529811695579', wa_id: '5219811695579' } ],
  messages: [
    {
      id: 'wamid.HBgNNTIxOTgxMTY5NTU3ORUCABEYEjM1QUEzNzZEQ0Y2NDZBMDEyMAA='
    }
  ]
}
body [{"id":"1564567048672340","changes":[{"value":{"messaging_product":"whatsapp","metadata":{"display_phone_number":"5219821060551","phone_number_id":"1156248197578166"},"contacts":[{"wa_id":"5219811695579","user_id":"MX.4273147889613684"}],"statuses":[{"id":"wamid.HBgNNTIxOTgxMTY5NTU3ORUCABEYEjM1QUEzNzZEQ0Y2NDZBMDEyMAA=","status":"sent","timestamp":"1781636460","recipient_id":"5219811695579","recipient_user_id":"MX.4273147889613684","pricing":{"billable":false,"pricing_model":"PMP","category":"service","type":"free_customer_service"}}]},"field":"messages"}]}]
body [{"id":"1564567048672340","changes":[{"value":{"messaging_product":"whatsapp","metadata":{"display_phone_number":"5219821060551","phone_number_id":"1156248197578166"},"contacts":[{"wa_id":"5219811695579","user_id":"MX.4273147889613684"}],"statuses":[{"id":"wamid.HBgNNTIxOTgxMTY5NTU3ORUCABEYEjM1QUEzNzZEQ0Y2NDZBMDEyMAA=","status":"read","timestamp":"1781636460","recipient_id":"5219811695579","recipient_user_id":"MX.4273147889613684","pricing":{"billable":false,"pricing_model":"PMP","category":"service","type":"free_customer_service"}}]},"field":"messages"}]}]
result {
  messaging_product: 'whatsapp',
  contacts: [ { input: '529811695579', wa_id: '5219811695579' } ],
  messages: [
    {
      id: 'wamid.HBgNNTIxOTgxMTY5NTU3ORUCABEYEkQ0NzFBRDhDMURENDdFRjg1OQA='
    }
  ]
}
body [{"id":"1564567048672340","changes":[{"value":{"messaging_product":"whatsapp","metadata":{"display_phone_number":"5219821060551","phone_number_id":"1156248197578166"},"contacts":[{"wa_id":"5219811695579","user_id":"MX.4273147889613684"}],"statuses":[{"id":"wamid.HBgNNTIxOTgxMTY5NTU3ORUCABEYEkQ0NzFBRDhDMURENDdFRjg1OQA=","status":"sent","timestamp":"1781640006","recipient_id":"5219811695579","recipient_user_id":"MX.4273147889613684","pricing":{"billable":false,"pricing_model":"PMP","category":"service","type":"free_customer_service"}}]},"field":"messages"}]}]
body [{"id":"1564567048672340","changes":[{"value":{"messaging_product":"whatsapp","metadata":{"display_phone_number":"5219821060551","phone_number_id":"1156248197578166"},"contacts":[{"wa_id":"5219811695579","user_id":"MX.4273147889613684"}],"statuses":[{"id":"wamid.HBgNNTIxOTgxMTY5NTU3ORUCABEYEkQ0NzFBRDhDMURENDdFRjg1OQA=","status":"delivered","timestamp":"1781640006","recipient_id":"5219811695579","recipient_user_id":"MX.4273147889613684","pricing":{"billable":false,"pricing_model":"PMP","category":"service","type":"free_customer_service"}}]},"field":"messages"}]}]
body [{"id":"1564567048672340","changes":[{"value":{"messaging_product":"whatsapp","metadata":{"display_phone_number":"5219821060551","phone_number_id":"1156248197578166"},"contacts":[{"wa_id":"5219811695579","user_id":"MX.4273147889613684"}],"statuses":[{"id":"wamid.HBgNNTIxOTgxMTY5NTU3ORUCABEYEkQ0NzFBRDhDMURENDdFRjg1OQA=","status":"read","timestamp":"1781649699","recipient_id":"5219811695579","recipient_user_id":"MX.4273147889613684","pricing":{"billable":false,"pricing_model":"PMP","category":"service","type":"free_customer_service"}}]},"field":"messages"}]}]
