t=2026-06-04T10:21:02-0600 lvl=info msg="no configuration paths supplied"
t=2026-06-04T10:21:02-0600 lvl=info msg="using configuration at default config path" path="C:\\Users\\Soporte TI Junior\\AppData\\Local\\ngrok\\ngrok.yml"
t=2026-06-04T10:21:02-0600 lvl=info msg="open config file" path="C:\\Users\\Soporte TI Junior\\AppData\\Local\\ngrok\\ngrok.yml" err=nil
t=2026-06-04T10:21:02-0600 lvl=info msg="FIPS 140 mode" enabled=false
t=2026-06-04T10:21:02-0600 lvl=info msg="starting web service" obj=web addr=127.0.0.1:4040 allow_hosts=[]
t=2026-06-04T10:21:02-0600 lvl=info msg="client session established" obj=tunnels.session
t=2026-06-04T10:21:02-0600 lvl=info msg="tunnel session started" obj=tunnels.session
t=2026-06-04T10:21:03-0600 lvl=info msg="started tunnel" obj=tunnels name=command_line addr=http://localhost:3000 url=https://phrasing-roman-umpire.ngrok-free.dev
t=2026-06-04T10:21:27-0600 lvl=info msg=start pg=/api/tunnels id=40fd38c985ebf0af
t=2026-06-04T10:21:27-0600 lvl=info msg=end pg=/api/tunnels id=40fd38c985ebf0af status=200 dur=9.0378ms
t=2026-06-04T10:22:14-0600 lvl=info msg="join connections" obj=join id=9b181a016757 l=[::1]:3000 r=[2a03:2880:22ff:71::]:52074
t=2026-06-04T10:22:17-0600 lvl=info msg="join connections" obj=join id=b1990b2b6840 l=[::1]:3000 r=[2a03:2880:10ff:45::]:36374
t=2026-06-04T10:22:17-0600 lvl=info msg="join connections" obj=join id=42150115ace4 l=[::1]:3000 r=[2a03:2880:10ff:5d::]:60494
t=2026-06-04T10:22:18-0600 lvl=info msg="join connections" obj=join id=990d91c486ba l=[::1]:3000 r=[2a03:2880:10ff:54::]:62638
t=2026-06-04T10:22:23-0600 lvl=info msg="join connections" obj=join id=19cb46025655 l=[::1]:3000 r=[2a03:2880:22ff:44::]:61486
t=2026-06-04T10:22:25-0600 lvl=info msg="join connections" obj=join id=c2072db724d0 l=[::1]:3000 r=[2a03:2880:22ff:49::]:48316
t=2026-06-04T10:22:26-0600 lvl=info msg="join connections" obj=join id=e1448b8840f1 l=[::1]:3000 r=[2a03:2880:21ff::]:55936
t=2026-06-04T10:22:26-0600 lvl=info msg="join connections" obj=join id=1ba5a6eb8a7d l=[::1]:3000 r=[2a03:2880:22ff:44::]:44390
t=2026-06-04T10:22:26-0600 lvl=info msg="join connections" obj=join id=1e431cc42041 l=[::1]:3000 r=[2a03:2880:10ff:6::]:60614
t=2026-06-04T10:22:31-0600 lvl=info msg="join connections" obj=join id=761d41942541 l=[::1]:3000 r=[2a03:2880:22ff:4e::]:56512
t=2026-06-04T10:22:34-0600 lvl=info msg="join connections" obj=join id=bab0c049fd6a l=[::1]:3000 r=[2a03:2880:10ff:8::]:56586
t=2026-06-04T10:22:34-0600 lvl=info msg="join connections" obj=join id=a5ca52647c9c l=[::1]:3000 r=[2a03:2880:10ff:41::]:64566
t=2026-06-04T10:22:35-0600 lvl=info msg="join connections" obj=join id=6e04a73a248a l=[::1]:3000 r=[2a03:2880:10ff:4e::]:39866
t=2026-06-04T10:22:35-0600 lvl=info msg="join connections" obj=join id=2e79c99ea409 l=[::1]:3000 r=[2a03:2880:10ff:4e::]:39878
t=2026-06-04T10:22:37-0600 lvl=info msg="join connections" obj=join id=8a970cf96885 l=[::1]:3000 r=[2a03:2880:10ff:5c::]:34820
t=2026-06-04T10:22:39-0600 lvl=info msg="join connections" obj=join id=ce406947dee6 l=[::1]:3000 r=[2a03:2880:22ff:4::]:44308
t=2026-06-04T10:22:42-0600 lvl=info msg="join connections" obj=join id=98bdf5b9c9e4 l=[::1]:3000 r=[2a03:2880:21ff:4d::]:57108
t=2026-06-04T10:22:43-0600 lvl=info msg="join connections" obj=join id=b42fb336f912 l=[::1]:3000 r=[2a03:2880:22ff:4::]:44324
t=2026-06-04T10:22:43-0600 lvl=info msg="join connections" obj=join id=d0d0121267ce l=[::1]:3000 r=[2a03:2880:22ff:50::]:41936
t=2026-06-04T10:22:43-0600 lvl=info msg="join connections" obj=join id=7f38f5d20f58 l=[::1]:3000 r=[2a03:2880:22ff:4::]:44332
t=2026-06-04T10:22:43-0600 lvl=info msg="join connections" obj=join id=d5a7242edee1 l=[::1]:3000 r=[2a03:2880:21ff:72::]:37050
t=2026-06-04T10:22:43-0600 lvl=info msg="join connections" obj=join id=81df828a3f0f l=[::1]:3000 r=[2a03:2880:10ff:73::]:52466
t=2026-06-04T10:22:43-0600 lvl=info msg="join connections" obj=join id=dc5cfd2480a0 l=[::1]:3000 r=[2a03:2880:12ff:73::]:48214
t=2026-06-04T10:22:44-0600 lvl=info msg="join connections" obj=join id=4683959e5377 l=[::1]:3000 r=[2a03:2880:22ff:6::]:61268
t=2026-06-04T10:23:03-0600 lvl=info msg="join connections" obj=join id=159ad08d0809 l=[::1]:3000 r=[2a03:2880:22ff:9::]:44504
t=2026-06-04T10:23:06-0600 lvl=info msg="join connections" obj=join id=cc5bb4165db1 l=[::1]:3000 r=[2a03:2880:12ff:2::]:63302
t=2026-06-04T10:23:06-0600 lvl=info msg="join connections" obj=join id=3c3ac8322754 l=[::1]:3000 r=[2a03:2880:10ff:50::]:60130
t=2026-06-04T10:23:06-0600 lvl=info msg="join connections" obj=join id=fa0cbc107bdc l=[::1]:3000 r=[2a03:2880:21ff:1::]:61570
t=2026-06-04T10:23:06-0600 lvl=info msg="join connections" obj=join id=0acd3fb99166 l=[::1]:3000 r=[2a03:2880:22ff:6::]:46072
t=2026-06-04T10:23:09-0600 lvl=info msg="join connections" obj=join id=c3ef2a969643 l=[::1]:3000 r=[2a03:2880:22ff:52::]:45374
t=2026-06-04T10:23:11-0600 lvl=info msg="join connections" obj=join id=dcc96a42324d l=[::1]:3000 r=[2a03:2880:12ff:70::]:55066
t=2026-06-04T10:23:14-0600 lvl=info msg="join connections" obj=join id=ee1d45c3ace1 l=[::1]:3000 r=[2a03:2880:22ff:49::]:35190
t=2026-06-04T10:23:26-0600 lvl=info msg="join connections" obj=join id=110749fa32ec l=[::1]:3000 r=[2a03:2880:22ff:4e::]:52310
t=2026-06-04T10:23:26-0600 lvl=info msg="join connections" obj=join id=92816d7aa901 l=[::1]:3000 r=[2a03:2880:10ff:46::]:57520
t=2026-06-04T10:23:26-0600 lvl=info msg="join connections" obj=join id=3de28aaea575 l=[::1]:3000 r=[2a03:2880:12ff:41::]:40694
t=2026-06-04T10:23:27-0600 lvl=info msg="join connections" obj=join id=54f458425959 l=[::1]:3000 r=[2a03:2880:10ff:5b::]:36156
t=2026-06-04T10:23:28-0600 lvl=info msg="join connections" obj=join id=dd6fe753be8e l=[::1]:3000 r=[2a03:2880:22ff:4e::]:52322
t=2026-06-04T10:23:28-0600 lvl=info msg="join connections" obj=join id=b25923ed4f7f l=[::1]:3000 r=[2a03:2880:10ff:5f::]:41778
t=2026-06-04T10:23:28-0600 lvl=info msg="join connections" obj=join id=6fa101668e34 l=[::1]:3000 r=[2a03:2880:10ff:47::]:41212
t=2026-06-04T11:03:05-0600 lvl=info msg="join connections" obj=join id=1a44205ba462 l=[::1]:3000 r=[2a03:2880:21ff:9::]:37728
t=2026-06-04T11:03:18-0600 lvl=info msg="join connections" obj=join id=e4e8f1ef97d7 l=[::1]:3000 r=[2a03:2880:21ff:50::]:50900
t=2026-06-04T11:03:18-0600 lvl=info msg="join connections" obj=join id=028a4bb11b4c l=[::1]:3000 r=[2a03:2880:22ff:1::]:37108
t=2026-06-04T11:03:18-0600 lvl=info msg="join connections" obj=join id=a7f77a235bc3 l=[::1]:3000 r=[2a03:2880:12ff:70::]:45628
t=2026-06-04T11:04:42-0600 lvl=info msg="join connections" obj=join id=451cebce597d l=[::1]:3000 r=[2a03:2880:10ff:58::]:33078
t=2026-06-04T11:04:49-0600 lvl=info msg="join connections" obj=join id=c64f0c4b3f2e l=[::1]:3000 r=[2a03:2880:21ff:6::]:52722
t=2026-06-04T11:04:49-0600 lvl=info msg="join connections" obj=join id=90d4d84bd44a l=[::1]:3000 r=[2a03:2880:12ff:5::]:52522
t=2026-06-04T11:04:50-0600 lvl=info msg="join connections" obj=join id=67684378c844 l=[::1]:3000 r=[2a03:2880:10ff:4a::]:37172
t=2026-06-04T11:06:20-0600 lvl=info msg="join connections" obj=join id=285dbc85873d l=[::1]:3000 r=[2a03:2880:10ff:c::]:43948
t=2026-06-04T11:06:24-0600 lvl=info msg="join connections" obj=join id=fece2c2a2ab0 l=[::1]:3000 r=[2a03:2880:24ff:58::]:36374
t=2026-06-04T11:06:24-0600 lvl=info msg="join connections" obj=join id=770a658f89e8 l=[::1]:3000 r=[2a03:2880:22ff:52::]:65018
t=2026-06-04T11:06:24-0600 lvl=info msg="join connections" obj=join id=88c62a224594 l=[::1]:3000 r=[2a03:2880:22ff:74::]:40366
t=2026-06-04T11:06:24-0600 lvl=info msg="join connections" obj=join id=30054692cfef l=[::1]:3000 r=[2a03:2880:10ff:52::]:50480
t=2026-06-04T11:06:25-0600 lvl=info msg="join connections" obj=join id=a7f38428a0f5 l=[::1]:3000 r=[2a03:2880:22ff:43::]:46806
t=2026-06-04T11:06:25-0600 lvl=info msg="join connections" obj=join id=621d2e785634 l=[::1]:3000 r=[2a03:2880:22ff:50::]:56506
t=2026-06-04T11:06:26-0600 lvl=info msg="join connections" obj=join id=e0b396320d05 l=[::1]:3000 r=[2a03:2880:22ff:4d::]:53320
t=2026-06-04T11:06:26-0600 lvl=info msg="join connections" obj=join id=f1f2efc5f273 l=[::1]:3000 r=[2a03:2880:10ff:4b::]:58794
t=2026-06-04T11:06:26-0600 lvl=info msg="join connections" obj=join id=2df405153ab1 l=[::1]:3000 r=[2a03:2880:22ff:4c::]:51700
t=2026-06-04T11:12:44-0600 lvl=info msg="join connections" obj=join id=e63efcdb3c90 l=[::1]:3000 r=[2a03:2880:10ff:9::]:61132
t=2026-06-04T11:12:51-0600 lvl=info msg="join connections" obj=join id=97e7772141f4 l=[::1]:3000 r=[2a03:2880:22ff:40::]:62868
t=2026-06-04T11:12:51-0600 lvl=info msg="join connections" obj=join id=cf68e80e36a9 l=[::1]:3000 r=[2a03:2880:21ff:49::]:61668
t=2026-06-04T11:12:52-0600 lvl=info msg="join connections" obj=join id=ad7f42c3ca0a l=[::1]:3000 r=[2a03:2880:2ff:5e::]:53106
t=2026-06-04T11:12:52-0600 lvl=info msg="join connections" obj=join id=45c85cd99ff8 l=[::1]:3000 r=[2a03:2880:10ff:57::]:37306
t=2026-06-04T11:22:06-0600 lvl=info msg="join connections" obj=join id=d92e76d734e4 l=[::1]:3000 r=[2a03:2880:22ff:6::]:37062
t=2026-06-04T11:22:13-0600 lvl=info msg="join connections" obj=join id=4ab5f0e2af25 l=[::1]:3000 r=[2a03:2880:22ff:7::]:54638
t=2026-06-04T11:22:13-0600 lvl=info msg="join connections" obj=join id=fa83a746e1cf l=[::1]:3000 r=[2a03:2880:22ff:6::]:65448
t=2026-06-04T11:22:13-0600 lvl=info msg="join connections" obj=join id=1095c1c5fb8d l=[::1]:3000 r=[2a03:2880:22ff:1::]:35824
t=2026-06-04T11:22:13-0600 lvl=info msg="join connections" obj=join id=33a9698f6796 l=[::1]:3000 r=[2a03:2880:22ff:72::]:54944
t=2026-06-04T11:28:57-0600 lvl=info msg="join connections" obj=join id=3fed99607714 l=[::1]:3000 r=[2a03:2880:10ff:4e::]:62864
t=2026-06-04T11:29:05-0600 lvl=info msg="join connections" obj=join id=0d85da3cd027 l=[::1]:3000 r=[2a03:2880:22ff:45::]:60092
t=2026-06-04T11:29:05-0600 lvl=info msg="join connections" obj=join id=8bb20769ddda l=[::1]:3000 r=[2a03:2880:22ff:7::]:53338
t=2026-06-04T11:29:05-0600 lvl=info msg="join connections" obj=join id=82bb0156f800 l=[::1]:3000 r=[2a03:2880:10ff:3::]:46122
t=2026-06-04T11:29:05-0600 lvl=info msg="join connections" obj=join id=0852adac2c56 l=[::1]:3000 r=[2a03:2880:12ff:8::]:61946
t=2026-06-04T11:36:53-0600 lvl=info msg="join connections" obj=join id=4cb6af379765 l=[::1]:3000 r=[2a03:2880:22ff:71::]:51802
t=2026-06-04T11:36:57-0600 lvl=info msg="join connections" obj=join id=dffec4a52ee2 l=[::1]:3000 r=[2a03:2880:22ff:4b::]:33382
t=2026-06-04T11:36:57-0600 lvl=info msg="join connections" obj=join id=87b6512a2555 l=[::1]:3000 r=[2a03:2880:10ff:4b::]:51264
t=2026-06-04T11:36:57-0600 lvl=info msg="join connections" obj=join id=ff39cfaef2df l=[::1]:3000 r=[2a03:2880:2ff:4f::]:42040
t=2026-06-04T11:36:57-0600 lvl=info msg="join connections" obj=join id=4a5466a4e574 l=[::1]:3000 r=[2a03:2880:22ff:4d::]:55840
t=2026-06-04T11:37:01-0600 lvl=info msg="join connections" obj=join id=b5cf3a290e13 l=[::1]:3000 r=[2a03:2880:10ff:b::]:34308
t=2026-06-04T11:37:03-0600 lvl=info msg="join connections" obj=join id=63843a586f76 l=[::1]:3000 r=[2a03:2880:22ff:50::]:39974
t=2026-06-04T11:37:03-0600 lvl=info msg="join connections" obj=join id=61869bc1685c l=[::1]:3000 r=[2a03:2880:10ff:4e::]:47488
t=2026-06-04T11:37:03-0600 lvl=info msg="join connections" obj=join id=efa7a230ee53 l=[::1]:3000 r=[2a03:2880:10ff:4::]:49724
t=2026-06-04T11:37:04-0600 lvl=info msg="join connections" obj=join id=897dd919091e l=[::1]:3000 r=[2a03:2880:10ff:44::]:45508
t=2026-06-04T11:37:11-0600 lvl=info msg="join connections" obj=join id=f07131377bc8 l=[::1]:3000 r=[2a03:2880:22ff:4::]:54648
t=2026-06-04T11:37:15-0600 lvl=info msg="join connections" obj=join id=e3bc538dd071 l=[::1]:3000 r=[2a03:2880:2ff:8::]:41082
t=2026-06-04T11:37:15-0600 lvl=info msg="join connections" obj=join id=f43fa6a52bc7 l=[::1]:3000 r=[2a03:2880:21ff:52::]:45470
t=2026-06-04T11:37:15-0600 lvl=info msg="join connections" obj=join id=e8f468f95cd2 l=[::1]:3000 r=[2a03:2880:10ff:44::]:33540
t=2026-06-04T11:37:15-0600 lvl=info msg="join connections" obj=join id=8ee1a342b145 l=[::1]:3000 r=[2a03:2880:22ff:4e::]:40054
t=2026-06-04T11:37:21-0600 lvl=info msg="join connections" obj=join id=afb9c29823ec l=[::1]:3000 r=[2a03:2880:2ff:7::]:50810
t=2026-06-04T11:37:23-0600 lvl=info msg="join connections" obj=join id=487bed9d61df l=[::1]:3000 r=[2a03:2880:22ff:4c::]:53088
t=2026-06-04T11:37:23-0600 lvl=info msg="join connections" obj=join id=80277d3930b8 l=[::1]:3000 r=[2a03:2880:24ff:5b::]:52974
t=2026-06-04T11:37:24-0600 lvl=info msg="join connections" obj=join id=d1d2c4be6269 l=[::1]:3000 r=[2a03:2880:22ff:48::]:47938
t=2026-06-04T11:37:24-0600 lvl=info msg="join connections" obj=join id=a1793984d0fb l=[::1]:3000 r=[2a03:2880:10ff:4a::]:42270
t=2026-06-04T11:37:24-0600 lvl=info msg="join connections" obj=join id=4a8d8ab07775 l=[::1]:3000 r=[2a03:2880:21ff:b::]:47210
t=2026-06-04T11:37:24-0600 lvl=info msg="join connections" obj=join id=8b8dfb62ad8e l=[::1]:3000 r=[2a03:2880:12ff:73::]:46284
t=2026-06-04T11:37:25-0600 lvl=info msg="join connections" obj=join id=4aa7d1b03652 l=[::1]:3000 r=[2a03:2880:21ff:72::]:57612
t=2026-06-04T11:37:25-0600 lvl=info msg="join connections" obj=join id=24be6fd101bc l=[::1]:3000 r=[2a03:2880:22ff:44::]:45334
t=2026-06-04T11:37:25-0600 lvl=info msg="join connections" obj=join id=ec8901f219cb l=[::1]:3000 r=[2a03:2880:12ff:2::]:41626
t=2026-06-04T11:37:25-0600 lvl=info msg="join connections" obj=join id=f1be9a7bb24f l=[::1]:3000 r=[2a03:2880:22ff:8::]:52772
t=2026-06-04T11:37:25-0600 lvl=info msg="join connections" obj=join id=b2211c46cd3d l=[::1]:3000 r=[2a03:2880:22ff:40::]:60136
t=2026-06-04T11:37:25-0600 lvl=info msg="join connections" obj=join id=6bd7320170ba l=[::1]:3000 r=[2a03:2880:10ff:4a::]:42286
t=2026-06-04T11:37:25-0600 lvl=info msg="join connections" obj=join id=d3c55c72c284 l=[::1]:3000 r=[2a03:2880:10ff:4f::]:62084
t=2026-06-04T11:39:13-0600 lvl=info msg="join connections" obj=join id=8b665f66a08d l=[::1]:3000 r=[2a03:2880:22ff:4a::]:52872
t=2026-06-04T11:39:15-0600 lvl=info msg="join connections" obj=join id=ea8e26d9e4f3 l=[::1]:3000 r=[2a03:2880:22ff:7::]:33402
t=2026-06-04T11:39:15-0600 lvl=info msg="join connections" obj=join id=fb401666685b l=[::1]:3000 r=[2a03:2880:22ff:48::]:44484
t=2026-06-04T11:39:15-0600 lvl=info msg="join connections" obj=join id=b458273912a1 l=[::1]:3000 r=[2a03:2880:22ff:74::]:54606
t=2026-06-04T11:39:15-0600 lvl=info msg="join connections" obj=join id=6ebd34d53f26 l=[::1]:3000 r=[2a03:2880:12ff:8::]:47506
t=2026-06-04T11:40:07-0600 lvl=info msg="join connections" obj=join id=a98ea1830a39 l=[::1]:3000 r=[2a03:2880:22ff:45::]:45058
t=2026-06-04T11:40:10-0600 lvl=info msg="join connections" obj=join id=3623306ecad0 l=[::1]:3000 r=[2a03:2880:22ff:3::]:32842
t=2026-06-04T11:40:10-0600 lvl=info msg="join connections" obj=join id=626d7ea42c05 l=[::1]:3000 r=[2a03:2880:12ff:73::]:40006
t=2026-06-04T11:40:10-0600 lvl=info msg="join connections" obj=join id=1f3dec19914a l=[::1]:3000 r=[2a03:2880:22ff::]:56688
t=2026-06-04T11:40:10-0600 lvl=info msg="join connections" obj=join id=52e14bd5ba9b l=[::1]:3000 r=[2a03:2880:22ff:74::]:60156
t=2026-06-04T11:40:26-0600 lvl=info msg="join connections" obj=join id=53dc1fadd88d l=[::1]:3000 r=[2a03:2880:22ff:44::]:45156
t=2026-06-04T11:40:28-0600 lvl=info msg="join connections" obj=join id=a2b6e9f6d937 l=[::1]:3000 r=[2a03:2880:22ff:51::]:42546
t=2026-06-04T11:40:28-0600 lvl=info msg="join connections" obj=join id=3553bcfdb51a l=[::1]:3000 r=[2a03:2880:10ff:45::]:48334
t=2026-06-04T11:40:28-0600 lvl=info msg="join connections" obj=join id=54bcadcc40c6 l=[::1]:3000 r=[2a03:2880:2ff:5::]:58140
t=2026-06-04T11:40:28-0600 lvl=info msg="join connections" obj=join id=14e8a2347f47 l=[::1]:3000 r=[2a03:2880:10ff:5f::]:58266
t=2026-06-04T12:37:43-0600 lvl=eror msg="session closed, starting reconnect loop" obj=tunnels.session obj=csess id=4677869f5ac3 err="read tcp 172.26.10.222:55647->3.134.73.173:443: wsarecv: An existing connection was forcibly closed by the remote host."
t=2026-06-04T12:37:44-0600 lvl=info msg="client session established" obj=tunnels.session
t=2026-06-04T12:37:44-0600 lvl=info msg="tunnel session started" obj=tunnels.session
t=2026-06-04T12:37:47-0600 lvl=info msg="join connections" obj=join id=6583c56bc9d9 l=[::1]:3000 r=[2a03:2880:22ff:73::]:48342
t=2026-06-04T12:37:50-0600 lvl=info msg="join connections" obj=join id=ea7ac1d03ee9 l=[::1]:3000 r=[2a03:2880:22ff:4d::]:60692
t=2026-06-04T12:37:50-0600 lvl=info msg="join connections" obj=join id=5616aea41767 l=[::1]:3000 r=[2a03:2880:10ff:4c::]:62300
t=2026-06-04T12:37:50-0600 lvl=info msg="join connections" obj=join id=ace07d15be6d l=[::1]:3000 r=[2a03:2880:22ff:4::]:48830
t=2026-06-04T12:37:50-0600 lvl=info msg="join connections" obj=join id=cde6f122942b l=[::1]:3000 r=[2a03:2880:12ff:5::]:51308
t=2026-06-04T12:37:53-0600 lvl=info msg="join connections" obj=join id=1d52b151e35a l=[::1]:3000 r=[2a03:2880:21ff:b::]:64254
t=2026-06-04T12:37:56-0600 lvl=info msg="join connections" obj=join id=f1a610fd0f60 l=[::1]:3000 r=[2a03:2880:22ff:4f::]:57644
t=2026-06-04T12:37:56-0600 lvl=info msg="join connections" obj=join id=11ad630dfb1b l=[::1]:3000 r=[2a03:2880:2ff:47::]:46880
t=2026-06-04T12:37:58-0600 lvl=info msg="join connections" obj=join id=0ce11400cc65 l=[::1]:3000 r=[2a03:2880:22ff:4::]:46746
t=2026-06-04T12:37:58-0600 lvl=info msg="join connections" obj=join id=0b1a5b65402d l=[::1]:3000 r=[2a03:2880:2ff:40::]:61802
t=2026-06-04T12:37:59-0600 lvl=eror msg="heartbeat timeout, terminating session" obj=tunnels.session obj=csess id=9dd25054635c clientid=1527abaca6d9ffbf2ba7a5a7537c58b3
t=2026-06-04T12:38:00-0600 lvl=info msg="join connections" obj=join id=4eb61c91a8ea l=[::1]:3000 r=[2a03:2880:12ff:2::]:47768
t=2026-06-04T12:38:02-0600 lvl=info msg="join connections" obj=join id=3105d1cd309b l=[::1]:3000 r=[2a03:2880:10ff:43::]:43362
t=2026-06-04T12:38:02-0600 lvl=info msg="join connections" obj=join id=14e563e528e7 l=[::1]:3000 r=[2a03:2880:22ff:50::]:55818
t=2026-06-04T12:38:02-0600 lvl=info msg="join connections" obj=join id=034f4688e52d l=[::1]:3000 r=[2a03:2880:10ff:5c::]:64122
t=2026-06-04T12:38:02-0600 lvl=info msg="join connections" obj=join id=c237bc8501f4 l=[::1]:3000 r=[2a03:2880:2ff:49::]:39870
t=2026-06-04T12:38:10-0600 lvl=info msg="join connections" obj=join id=ae7ae3420c51 l=[::1]:3000 r=[2a03:2880:22ff:50::]:39010
t=2026-06-04T12:38:11-0600 lvl=info msg="join connections" obj=join id=1b681f0de320 l=[::1]:3000 r=[2a03:2880:21ff:71::]:64210
t=2026-06-04T12:38:12-0600 lvl=info msg="join connections" obj=join id=c6b539d3ffc0 l=[::1]:3000 r=[2a03:2880:10ff:43::]:54570
t=2026-06-04T12:38:12-0600 lvl=info msg="join connections" obj=join id=707b2271103b l=[::1]:3000 r=[2a03:2880:21ff:3::]:60730
t=2026-06-04T12:38:12-0600 lvl=info msg="join connections" obj=join id=a598c0c9b88a l=[::1]:3000 r=[2a03:2880:2ff:5e::]:59524
t=2026-06-04T12:38:35-0600 lvl=info msg="join connections" obj=join id=07ba3a06dd9e l=[::1]:3000 r=[2a03:2880:10ff:5a::]:36616
t=2026-06-04T12:38:37-0600 lvl=info msg="join connections" obj=join id=f3e6b96f84dc l=[::1]:3000 r=[2a03:2880:10ff:5::]:61692
t=2026-06-04T12:38:37-0600 lvl=info msg="join connections" obj=join id=9e6cc1ca2c74 l=[::1]:3000 r=[2a03:2880:21ff:4e::]:55680
t=2026-06-04T12:38:37-0600 lvl=info msg="join connections" obj=join id=a1922c49588e l=[::1]:3000 r=[2a03:2880:2ff:4e::]:49606
t=2026-06-04T12:38:37-0600 lvl=info msg="join connections" obj=join id=0cac296e559f l=[::1]:3000 r=[2a03:2880:12ff:41::]:54190
t=2026-06-04T12:38:50-0600 lvl=info msg="join connections" obj=join id=76df6517b0b3 l=[::1]:3000 r=[2a03:2880:22ff:3::]:50742
t=2026-06-04T12:38:57-0600 lvl=info msg="join connections" obj=join id=8f48f009841a l=[::1]:3000 r=[2a03:2880:22ff:7::]:47304
t=2026-06-04T12:38:57-0600 lvl=info msg="join connections" obj=join id=303b9296660f l=[::1]:3000 r=[2a03:2880:10ff:52::]:55300
t=2026-06-04T12:38:57-0600 lvl=info msg="join connections" obj=join id=aaa76bee5e82 l=[::1]:3000 r=[2a03:2880:12ff:9::]:42496
t=2026-06-04T12:38:57-0600 lvl=info msg="join connections" obj=join id=e8588bfafab0 l=[::1]:3000 r=[2a03:2880:22ff:5::]:39024
t=2026-06-04T12:39:01-0600 lvl=info msg="join connections" obj=join id=4e802a8bfacb l=[::1]:3000 r=[2a03:2880:21ff:72::]:51430
t=2026-06-04T12:39:05-0600 lvl=info msg="join connections" obj=join id=5d6917fb4631 l=[::1]:3000 r=[2a03:2880:12ff:7e::]:64930
t=2026-06-04T12:39:06-0600 lvl=info msg="join connections" obj=join id=3fda3e4b446b l=[::1]:3000 r=[2a03:2880:2ff:58::]:34086
t=2026-06-04T12:39:06-0600 lvl=info msg="join connections" obj=join id=9f2a24c4af82 l=[::1]:3000 r=[2a03:2880:10ff:5::]:56350
t=2026-06-04T12:39:06-0600 lvl=info msg="join connections" obj=join id=f7004f77a901 l=[::1]:3000 r=[2a03:2880:22ff:9::]:33454
t=2026-06-04T12:39:06-0600 lvl=info msg="join connections" obj=join id=01788695a310 l=[::1]:3000 r=[2a03:2880:10ff:59::]:43444
t=2026-06-04T12:39:06-0600 lvl=info msg="join connections" obj=join id=3c736aa41415 l=[::1]:3000 r=[2a03:2880:12ff:40::]:61186
t=2026-06-04T12:39:06-0600 lvl=info msg="join connections" obj=join id=1e3be8f315e7 l=[::1]:3000 r=[2a03:2880:10ff:4b::]:50556
t=2026-06-04T12:39:06-0600 lvl=info msg="join connections" obj=join id=486210d52852 l=[::1]:3000 r=[2a03:2880:10ff:58::]:53978
t=2026-06-04T12:39:14-0600 lvl=info msg="join connections" obj=join id=153aadb7f975 l=[::1]:3000 r=[2a03:2880:2ff:7::]:61092
t=2026-06-04T12:39:17-0600 lvl=info msg="join connections" obj=join id=2edd5ccd09a5 l=[::1]:3000 r=[2a03:2880:10ff:4a::]:46240
t=2026-06-04T12:39:17-0600 lvl=info msg="join connections" obj=join id=c7f67839cafa l=[::1]:3000 r=[2a03:2880:22ff:4d::]:34878
t=2026-06-04T12:39:17-0600 lvl=info msg="join connections" obj=join id=c4fae224c63b l=[::1]:3000 r=173.252.95.25:38592
t=2026-06-04T12:39:17-0600 lvl=info msg="join connections" obj=join id=a784a3e85293 l=[::1]:3000 r=[2a03:2880:10ff:9::]:33976
t=2026-06-04T12:39:19-0600 lvl=info msg="join connections" obj=join id=1f73f1d52712 l=[::1]:3000 r=[2a03:2880:12ff:6::]:44436
t=2026-06-04T12:39:21-0600 lvl=info msg="join connections" obj=join id=eb8fb52c99ae l=[::1]:3000 r=[2a03:2880:22ff:74::]:52868
t=2026-06-04T12:39:21-0600 lvl=info msg="join connections" obj=join id=4b566046d19d l=[::1]:3000 r=[2a03:2880:22ff::]:47234
t=2026-06-04T12:39:21-0600 lvl=info msg="join connections" obj=join id=6afb503500f2 l=[::1]:3000 r=[2a03:2880:10ff:55::]:63466
t=2026-06-04T12:39:21-0600 lvl=info msg="join connections" obj=join id=eaf00f852c8d l=[::1]:3000 r=[2a03:2880:10ff:50::]:45338
t=2026-06-04T12:39:29-0600 lvl=info msg="join connections" obj=join id=94a29e1f6bfe l=[::1]:3000 r=[2a03:2880:2ff:7::]:63456
t=2026-06-04T12:39:32-0600 lvl=info msg="join connections" obj=join id=02e9d93170de l=[::1]:3000 r=[2a03:2880:22ff:45::]:37790
t=2026-06-04T12:39:32-0600 lvl=info msg="join connections" obj=join id=e8180f2762bc l=[::1]:3000 r=[2a03:2880:10ff:71::]:43722
t=2026-06-04T12:39:32-0600 lvl=info msg="join connections" obj=join id=fdd9353e65b1 l=[::1]:3000 r=[2a03:2880:22ff:47::]:63562
t=2026-06-04T12:39:32-0600 lvl=info msg="join connections" obj=join id=af710b8e4d0c l=[::1]:3000 r=[2a03:2880:2ff:44::]:43790
t=2026-06-04T12:39:36-0600 lvl=info msg="join connections" obj=join id=7e5f65f0c6d6 l=[::1]:3000 r=[2a03:2880:21ff:50::]:46608
t=2026-06-04T12:39:38-0600 lvl=info msg="join connections" obj=join id=e82e85385751 l=[::1]:3000 r=[2a03:2880:22ff:2::]:54204
t=2026-06-04T12:39:38-0600 lvl=info msg="join connections" obj=join id=c7e2904d64fa l=[::1]:3000 r=[2a03:2880:18ff:5b::]:63720
t=2026-06-04T12:39:39-0600 lvl=info msg="join connections" obj=join id=5cd8ffc4728b l=[::1]:3000 r=[2a03:2880:22ff:2::]:54206
t=2026-06-04T12:39:39-0600 lvl=info msg="join connections" obj=join id=04c0feb0568e l=[::1]:3000 r=[2a03:2880:21ff:a::]:42826
t=2026-06-04T12:39:39-0600 lvl=info msg="join connections" obj=join id=2848890e23f3 l=[::1]:3000 r=[2a03:2880:21ff:3::]:37410
t=2026-06-04T12:39:40-0600 lvl=info msg="join connections" obj=join id=585f3149b654 l=[::1]:3000 r=[2a03:2880:2ff:6::]:51946
t=2026-06-04T12:39:40-0600 lvl=info msg="join connections" obj=join id=3488e8c142dc l=[::1]:3000 r=[2a03:2880:10ff:54::]:53598
t=2026-06-04T12:39:40-0600 lvl=info msg="join connections" obj=join id=6bf3b95740d2 l=[::1]:3000 r=[2a03:2880:22ff:7::]:51938
t=2026-06-04T12:39:41-0600 lvl=info msg="join connections" obj=join id=f80b2325e97c l=[::1]:3000 r=[2a03:2880:10ff:42::]:56266
t=2026-06-04T12:39:41-0600 lvl=info msg="join connections" obj=join id=88daac4f32cd l=[::1]:3000 r=[2a03:2880:12ff:73::]:51068
t=2026-06-04T12:39:41-0600 lvl=info msg="join connections" obj=join id=9b0021fb26b2 l=[::1]:3000 r=[2a03:2880:21ff::]:44046
t=2026-06-04T12:39:41-0600 lvl=info msg="join connections" obj=join id=a29bb975e2da l=[::1]:3000 r=[2a03:2880:22ff:2::]:54222
t=2026-06-04T12:39:41-0600 lvl=info msg="join connections" obj=join id=d15e7ddbb778 l=[::1]:3000 r=[2a03:2880:10ff:50::]:59222
t=2026-06-04T12:42:04-0600 lvl=eror msg="session closed, starting reconnect loop" obj=tunnels.session obj=csess id=4677869f5ac3 err="read tcp 172.26.10.222:56089->3.12.62.205:443: wsarecv: An existing connection was forcibly closed by the remote host."
t=2026-06-04T12:42:07-0600 lvl=info msg="client session established" obj=tunnels.session
t=2026-06-04T12:42:07-0600 lvl=info msg="tunnel session started" obj=tunnels.session
t=2026-06-04T12:42:19-0600 lvl=eror msg="heartbeat timeout, terminating session" obj=tunnels.session obj=csess id=d805cc4b7802 clientid=1527abaca6d9ffbf2ba7a5a7537c58b3
t=2026-06-04T12:45:55-0600 lvl=eror msg="heartbeat timeout, terminating session" obj=tunnels.session obj=csess id=d2fafa877e08 clientid=1527abaca6d9ffbf2ba7a5a7537c58b3
t=2026-06-04T12:45:55-0600 lvl=eror msg="session closed, starting reconnect loop" obj=tunnels.session obj=csess id=4677869f5ac3 err="session closed"
t=2026-06-04T12:46:22-0600 lvl=eror msg="heartbeat timeout, terminating session" obj=tunnels.session obj=csess id=6e2d3caa32e7
t=2026-06-04T12:46:22-0600 lvl=eror msg="failed to reconnect session" obj=tunnels.session err="failed to send authentication request: session closed"
t=2026-06-04T12:46:27-0600 lvl=info msg="client session established" obj=tunnels.session
t=2026-06-04T12:46:27-0600 lvl=info msg="tunnel session started" obj=tunnels.session
t=2026-06-04T13:00:39-0600 lvl=eror msg="heartbeat timeout, terminating session" obj=tunnels.session obj=csess id=3296e4aa52fe clientid=1527abaca6d9ffbf2ba7a5a7537c58b3
t=2026-06-04T13:00:39-0600 lvl=eror msg="session closed, starting reconnect loop" obj=tunnels.session obj=csess id=4677869f5ac3 err="session closed"
t=2026-06-04T13:00:40-0600 lvl=info msg="client session established" obj=tunnels.session
t=2026-06-04T13:00:40-0600 lvl=info msg="tunnel session started" obj=tunnels.session
t=2026-06-04T13:02:19-0600 lvl=info msg="join connections" obj=join id=4549959a137f l=[::1]:3000 r=[2a03:2880:22ff:50::]:59796
t=2026-06-04T13:02:21-0600 lvl=info msg="join connections" obj=join id=4f211f5dbba5 l=[::1]:3000 r=[2a03:2880:22ff:4f::]:62852
t=2026-06-04T13:02:23-0600 lvl=info msg="join connections" obj=join id=063127570b14 l=[::1]:3000 r=[2a03:2880:10ff:42::]:44220
t=2026-06-04T13:02:24-0600 lvl=info msg="join connections" obj=join id=6f6a084d8e9f l=[::1]:3000 r=[2a03:2880:21ff:a::]:46284
t=2026-06-04T13:02:24-0600 lvl=info msg="join connections" obj=join id=f2afabcc9a40 l=[::1]:3000 r=[2a03:2880:12ff:40::]:60338
t=2026-06-04T13:02:24-0600 lvl=info msg="join connections" obj=join id=349fa3e636b2 l=[::1]:3000 r=[2a03:2880:10ff:44::]:59886
t=2026-06-04T13:02:24-0600 lvl=info msg="join connections" obj=join id=ee64a9b0794b l=[::1]:3000 r=[2a03:2880:22ff:43::]:38514
t=2026-06-04T13:02:24-0600 lvl=info msg="join connections" obj=join id=edd7811b5771 l=[::1]:3000 r=[2a03:2880:2ff:74::]:59344
t=2026-06-04T13:02:43-0600 lvl=info msg="join connections" obj=join id=ee588494aa2f l=[::1]:3000 r=[2a03:2880:10ff:50::]:58194
t=2026-06-04T13:02:53-0600 lvl=info msg="join connections" obj=join id=f55442804c36 l=[::1]:3000 r=[2a03:2880:10ff:59::]:52600
t=2026-06-04T13:02:53-0600 lvl=info msg="join connections" obj=join id=dda98e1b5c52 l=[::1]:3000 r=[2a03:2880:21ff:4::]:47236
t=2026-06-04T13:02:53-0600 lvl=info msg="join connections" obj=join id=c01911ba1c0f l=[::1]:3000 r=[2a03:2880:21ff:70::]:35826
t=2026-06-04T13:02:53-0600 lvl=info msg="join connections" obj=join id=2f6403f01ef4 l=[::1]:3000 r=[2a03:2880:2ff:46::]:34776
t=2026-06-04T13:03:05-0600 lvl=info msg="join connections" obj=join id=200357e2e9a6 l=[::1]:3000 r=[2a03:2880:10ff:5f::]:43886
t=2026-06-04T13:03:07-0600 lvl=info msg="join connections" obj=join id=fec200593db7 l=[::1]:3000 r=[2a03:2880:10ff:8::]:59518
t=2026-06-04T13:03:07-0600 lvl=info msg="join connections" obj=join id=9314c10f7489 l=[::1]:3000 r=[2a03:2880:22ff:1::]:63944
t=2026-06-04T13:03:08-0600 lvl=info msg="join connections" obj=join id=4da7905c6e45 l=[::1]:3000 r=[2a03:2880:22ff:73::]:51438
t=2026-06-04T13:03:08-0600 lvl=info msg="join connections" obj=join id=9077465312ab l=[::1]:3000 r=[2a03:2880:10ff:45::]:37160
t=2026-06-04T13:03:16-0600 lvl=info msg="join connections" obj=join id=fc6814244ea4 l=[::1]:3000 r=[2a03:2880:10ff:5a::]:64114
t=2026-06-04T13:03:30-0600 lvl=info msg="join connections" obj=join id=f70a44f9a3f7 l=[::1]:3000 r=[2a03:2880:22ff:72::]:37788
t=2026-06-04T13:03:30-0600 lvl=info msg="join connections" obj=join id=2332ccfce0eb l=[::1]:3000 r=[2a03:2880:22ff:71::]:42506
t=2026-06-04T13:03:30-0600 lvl=info msg="join connections" obj=join id=da1e07a875d4 l=[::1]:3000 r=[2a03:2880:10ff:4a::]:35476
t=2026-06-04T13:03:30-0600 lvl=info msg="join connections" obj=join id=0d6da39f90dc l=[::1]:3000 r=[2a03:2880:2ff:5e::]:35086
t=2026-06-04T13:03:46-0600 lvl=info msg="join connections" obj=join id=1c440241834e l=[::1]:3000 r=[2a03:2880:22ff:9::]:45026
t=2026-06-04T13:03:50-0600 lvl=info msg="join connections" obj=join id=c155e885a440 l=[::1]:3000 r=[2a03:2880:10ff:42::]:64756
t=2026-06-04T13:03:50-0600 lvl=info msg="join connections" obj=join id=376547a82a64 l=[::1]:3000 r=[2a03:2880:22ff:43::]:39652
t=2026-06-04T13:03:51-0600 lvl=info msg="join connections" obj=join id=723cc018b5de l=[::1]:3000 r=[2a03:2880:10ff:5d::]:54300
t=2026-06-04T14:45:33-0600 lvl=info msg="join connections" obj=join id=08b1437c4334 l=[::1]:3000 r=[2a03:2880:12ff:1::]:54050
t=2026-06-04T14:45:33-0600 lvl=info msg="join connections" obj=join id=0f325b6637e1 l=[::1]:3000 r=[2a03:2880:22ff:9::]:35940
t=2026-06-04T14:45:33-0600 lvl=info msg="join connections" obj=join id=ae2779b10919 l=[::1]:3000 r=[2a03:2880:2ff::]:55624
t=2026-06-04T14:45:47-0600 lvl=info msg="join connections" obj=join id=b41097dcf476 l=[::1]:3000 r=[2a03:2880:10ff:5c::]:46634
t=2026-06-04T14:48:45-0600 lvl=info msg="join connections" obj=join id=66db30a52706 l=[::1]:3000 r=[2a03:2880:10ff:55::]:51910
t=2026-06-04T14:48:47-0600 lvl=info msg="join connections" obj=join id=5f66e987dc35 l=[::1]:3000 r=[2a03:2880:21ff:a::]:38714
t=2026-06-04T14:48:47-0600 lvl=info msg="join connections" obj=join id=d718eda7a4d8 l=[::1]:3000 r=[2a03:2880:22ff:9::]:61458
t=2026-06-04T14:48:47-0600 lvl=info msg="join connections" obj=join id=68f9ff45e95e l=[::1]:3000 r=[2a03:2880:10ff:2::]:33454
t=2026-06-04T14:48:47-0600 lvl=info msg="join connections" obj=join id=cdcdd28b78c4 l=[::1]:3000 r=[2a03:2880:21ff:3::]:38528
t=2026-06-04T14:48:56-0600 lvl=info msg="join connections" obj=join id=eee8701762c8 l=[::1]:3000 r=[2a03:2880:22ff:72::]:64834
t=2026-06-04T14:49:00-0600 lvl=info msg="join connections" obj=join id=ed721135bf5d l=[::1]:3000 r=[2a03:2880:22ff:71::]:64784
t=2026-06-04T14:49:00-0600 lvl=info msg="join connections" obj=join id=9603bdcdcdf9 l=[::1]:3000 r=[2a03:2880:22ff:6::]:40592
t=2026-06-04T14:49:00-0600 lvl=info msg="join connections" obj=join id=d7c1418ab890 l=[::1]:3000 r=[2a03:2880:22ff:70::]:50184
t=2026-06-04T14:49:00-0600 lvl=info msg="join connections" obj=join id=e534c95d2fd6 l=[::1]:3000 r=[2a03:2880:22ff:49::]:63428
t=2026-06-04T15:06:45-0600 lvl=info msg="join connections" obj=join id=b128a5770109 l=[::1]:3000 r=[2a03:2880:12ff:9::]:41420
t=2026-06-04T15:06:47-0600 lvl=info msg="join connections" obj=join id=2a2afb054750 l=[::1]:3000 r=[2a03:2880:22ff:5::]:55776
t=2026-06-04T15:06:47-0600 lvl=info msg="join connections" obj=join id=bf32debbe794 l=[::1]:3000 r=[2a03:2880:21ff:4c::]:50000
t=2026-06-04T15:06:48-0600 lvl=info msg="join connections" obj=join id=646e89733ecd l=[::1]:3000 r=[2a03:2880:10ff:1::]:59438
t=2026-06-04T15:06:48-0600 lvl=info msg="join connections" obj=join id=7a7da7a64b53 l=[::1]:3000 r=[2a03:2880:2ff:5e::]:35138
t=2026-06-04T15:06:50-0600 lvl=info msg="join connections" obj=join id=168527aefce6 l=[::1]:3000 r=[2a03:2880:22ff:70::]:57884
t=2026-06-04T15:06:52-0600 lvl=info msg="join connections" obj=join id=bfb316a5c172 l=[::1]:3000 r=[2a03:2880:10ff:48::]:40644
t=2026-06-04T15:06:52-0600 lvl=info msg="join connections" obj=join id=93799cc0bcc4 l=[::1]:3000 r=[2a03:2880:22ff:4::]:63914
t=2026-06-04T15:06:52-0600 lvl=info msg="join connections" obj=join id=db099f2e4c13 l=[::1]:3000 r=[2a03:2880:10ff:44::]:45614
t=2026-06-04T15:06:52-0600 lvl=info msg="join connections" obj=join id=b21626c3dc2c l=[::1]:3000 r=[2a03:2880:10ff:73::]:47308
t=2026-06-04T15:06:56-0600 lvl=info msg="join connections" obj=join id=95575aa5598f l=[::1]:3000 r=[2a03:2880:10ff:57::]:60776
t=2026-06-04T15:06:58-0600 lvl=info msg="join connections" obj=join id=848995e1ef62 l=[::1]:3000 r=[2a03:2880:22ff:47::]:49214
t=2026-06-04T15:06:58-0600 lvl=info msg="join connections" obj=join id=c3ce97157303 l=[::1]:3000 r=[2a03:2880:22ff:1::]:61410
t=2026-06-04T15:06:58-0600 lvl=info msg="join connections" obj=join id=991cc7c27802 l=[::1]:3000 r=[2a03:2880:10ff:4f::]:48546
t=2026-06-04T15:06:58-0600 lvl=info msg="join connections" obj=join id=cf844c70a23f l=[::1]:3000 r=[2a03:2880:10ff:52::]:58632
t=2026-06-04T15:07:05-0600 lvl=info msg="join connections" obj=join id=4e6dbc29a33e l=[::1]:3000 r=[2a03:2880:10ff:57::]:41240
t=2026-06-04T15:07:07-0600 lvl=info msg="join connections" obj=join id=bea0cab5c19a l=[::1]:3000 r=[2a03:2880:22ff:44::]:34080
t=2026-06-04T15:07:07-0600 lvl=info msg="join connections" obj=join id=9c63c6826f2a l=[::1]:3000 r=[2a03:2880:22ff:2::]:44488
t=2026-06-04T15:07:07-0600 lvl=info msg="join connections" obj=join id=0af2b3464dbc l=[::1]:3000 r=[2a03:2880:10ff:56::]:35112
t=2026-06-04T15:07:07-0600 lvl=info msg="join connections" obj=join id=b1da9c6d9e22 l=[::1]:3000 r=[2a03:2880:12ff:73::]:65044
t=2026-06-04T15:10:09-0600 lvl=info msg="join connections" obj=join id=569bf0632877 l=[::1]:3000 r=[2a03:2880:22ff:46::]:42314
t=2026-06-04T15:10:10-0600 lvl=info msg="join connections" obj=join id=9a85e42fc814 l=[::1]:3000 r=[2a03:2880:18ff:2::]:53850
t=2026-06-04T15:10:11-0600 lvl=info msg="join connections" obj=join id=26a948c7d8bb l=[::1]:3000 r=[2a03:2880:22ff:4c::]:59034
t=2026-06-04T15:10:11-0600 lvl=info msg="join connections" obj=join id=da82c35499cb l=[::1]:3000 r=[2a03:2880:2ff:45::]:47318
t=2026-06-04T15:10:11-0600 lvl=info msg="join connections" obj=join id=c7faef56544e l=[::1]:3000 r=[2a03:2880:10ff:48::]:36060
t=2026-06-04T15:10:11-0600 lvl=info msg="join connections" obj=join id=31d27aa49370 l=[::1]:3000 r=[2a03:2880:22ff:3::]:56346
t=2026-06-04T15:10:11-0600 lvl=info msg="join connections" obj=join id=783351e37a72 l=[::1]:3000 r=[2a03:2880:21ff:48::]:58634
t=2026-06-04T15:10:23-0600 lvl=info msg="join connections" obj=join id=6a83e6101b1d l=[::1]:3000 r=[2a03:2880:22ff:40::]:62288
t=2026-06-04T15:10:27-0600 lvl=info msg="join connections" obj=join id=1158242eff7a l=[::1]:3000 r=[2a03:2880:2ff:49::]:51962
t=2026-06-04T15:10:28-0600 lvl=info msg="join connections" obj=join id=ccefefd54062 l=[::1]:3000 r=[2a03:2880:22ff::]:44268
t=2026-06-04T15:10:28-0600 lvl=info msg="join connections" obj=join id=3708eb05d63f l=[::1]:3000 r=[2a03:2880:21ff:7::]:43418
t=2026-06-04T15:10:28-0600 lvl=info msg="join connections" obj=join id=143ebc129710 l=[::1]:3000 r=[2a03:2880:12ff:41::]:56312
t=2026-06-04T15:10:37-0600 lvl=info msg="join connections" obj=join id=afd4ac65ca00 l=[::1]:3000 r=[2a03:2880:2ff:53::]:54620
t=2026-06-04T15:10:39-0600 lvl=info msg="join connections" obj=join id=8c42b50bb82f l=[::1]:3000 r=[2a03:2880:18ff:53::]:48434
t=2026-06-04T15:10:39-0600 lvl=info msg="join connections" obj=join id=10beffd1c275 l=[::1]:3000 r=[2a03:2880:22ff:49::]:48324
t=2026-06-04T15:10:39-0600 lvl=info msg="join connections" obj=join id=d9340cbd91f8 l=[::1]:3000 r=[2a03:2880:21ff:c::]:65386
t=2026-06-04T15:10:40-0600 lvl=info msg="join connections" obj=join id=cf489a2606a3 l=[::1]:3000 r=[2a03:2880:22ff:2::]:45072
t=2026-06-04T15:10:40-0600 lvl=info msg="join connections" obj=join id=ebe65fcb398f l=[::1]:3000 r=[2a03:2880:12ff:8::]:64740
t=2026-06-04T15:10:40-0600 lvl=info msg="join connections" obj=join id=7fbafb414643 l=[::1]:3000 r=[2a03:2880:12ff:8::]:44490
t=2026-06-04T15:15:44-0600 lvl=info msg="join connections" obj=join id=febdd39beb38 l=[::1]:3000 r=[2a03:2880:10ff:44::]:40502
t=2026-06-04T15:15:46-0600 lvl=info msg="join connections" obj=join id=ede19ef52f1e l=[::1]:3000 r=[2a03:2880:18ff:48::]:47244
t=2026-06-04T15:15:46-0600 lvl=info msg="join connections" obj=join id=3794b7d4fc6c l=[::1]:3000 r=[2a03:2880:10ff:51::]:47918
t=2026-06-04T15:15:46-0600 lvl=info msg="join connections" obj=join id=2abeb97991de l=[::1]:3000 r=[2a03:2880:21ff:a::]:33222
t=2026-06-04T15:15:47-0600 lvl=info msg="join connections" obj=join id=bdb0ad4f5f76 l=[::1]:3000 r=[2a03:2880:10ff:56::]:51854
t=2026-06-04T15:15:47-0600 lvl=info msg="join connections" obj=join id=ba50931addae l=[::1]:3000 r=[2a03:2880:10ff:4e::]:58772
t=2026-06-04T15:15:48-0600 lvl=info msg="join connections" obj=join id=bc9f914f29f4 l=[::1]:3000 r=[2a03:2880:10ff:4b::]:52638
t=2026-06-04T15:15:48-0600 lvl=info msg="join connections" obj=join id=b43b9b279eeb l=[::1]:3000 r=[2a03:2880:22ff:48::]:38890
t=2026-06-04T15:15:48-0600 lvl=info msg="join connections" obj=join id=fca7ce0e426e l=[::1]:3000 r=[2a03:2880:10ff:2::]:61318
t=2026-06-04T15:15:48-0600 lvl=info msg="join connections" obj=join id=cba23d6912e5 l=[::1]:3000 r=[2a03:2880:22ff:9::]:55264
t=2026-06-04T15:24:54-0600 lvl=info msg="join connections" obj=join id=d1421b6de072 l=[::1]:3000 r=[2a03:2880:2ff:41::]:55620
t=2026-06-04T15:24:57-0600 lvl=info msg="join connections" obj=join id=35ffd2f2cb33 l=[::1]:3000 r=[2a03:2880:22ff:4a::]:61318
t=2026-06-04T15:24:57-0600 lvl=info msg="join connections" obj=join id=5d7f1c2567e3 l=[::1]:3000 r=[2a03:2880:21ff:8::]:38768
t=2026-06-04T15:24:57-0600 lvl=info msg="join connections" obj=join id=d1dab8206c2e l=[::1]:3000 r=[2a03:2880:22ff:49::]:60320
t=2026-06-04T15:24:58-0600 lvl=info msg="join connections" obj=join id=73b830268c96 l=[::1]:3000 r=[2a03:2880:12ff:7::]:65022
t=2026-06-04T15:24:59-0600 lvl=info msg="join connections" obj=join id=9beda5a20656 l=[::1]:3000 r=[2a03:2880:2ff:74::]:57200
t=2026-06-04T15:25:00-0600 lvl=info msg="join connections" obj=join id=076c29e12841 l=[::1]:3000 r=[2a03:2880:22ff:70::]:57492
t=2026-06-04T15:25:01-0600 lvl=info msg="join connections" obj=join id=5519fced7c8a l=[::1]:3000 r=[2a03:2880:21ff:c::]:40538
t=2026-06-04T15:25:01-0600 lvl=info msg="join connections" obj=join id=9955d0286f68 l=[::1]:3000 r=[2a03:2880:2ff:4d::]:53514
t=2026-06-04T15:25:01-0600 lvl=info msg="join connections" obj=join id=72c628ac86e2 l=[::1]:3000 r=[2a03:2880:21ff:5::]:34108
t=2026-06-04T15:25:11-0600 lvl=info msg="join connections" obj=join id=456a22603a17 l=[::1]:3000 r=[2a03:2880:12ff:2::]:38984
t=2026-06-04T15:25:13-0600 lvl=info msg="join connections" obj=join id=d67317aafdd2 l=[::1]:3000 r=[2a03:2880:22ff:4c::]:42516
t=2026-06-04T15:25:14-0600 lvl=info msg="join connections" obj=join id=cc83b8b4af31 l=[::1]:3000 r=[2a03:2880:10ff:8::]:51418
t=2026-06-04T15:25:14-0600 lvl=info msg="join connections" obj=join id=332d9f0cdd82 l=[::1]:3000 r=[2a03:2880:10ff:45::]:45576
t=2026-06-04T15:25:14-0600 lvl=info msg="join connections" obj=join id=ffcf3617c461 l=[::1]:3000 r=[2a03:2880:10ff:9::]:33096
t=2026-06-04T15:31:56-0600 lvl=info msg="join connections" obj=join id=7cebc97864a0 l=[::1]:3000 r=[2a03:2880:2ff:4a::]:54266
t=2026-06-04T15:31:58-0600 lvl=info msg="join connections" obj=join id=979a0fb2e306 l=[::1]:3000 r=[2a03:2880:22ff:4a::]:42978
t=2026-06-04T15:31:59-0600 lvl=info msg="join connections" obj=join id=60a5b3d72730 l=[::1]:3000 r=[2a03:2880:22ff:70::]:55526
t=2026-06-04T15:31:59-0600 lvl=info msg="join connections" obj=join id=977a527f7a80 l=[::1]:3000 r=[2a03:2880:10ff:40::]:62780
t=2026-06-04T15:32:06-0600 lvl=info msg="join connections" obj=join id=c480a930e5de l=[::1]:3000 r=[2a03:2880:2ff:49::]:62464
t=2026-06-04T15:32:08-0600 lvl=info msg="join connections" obj=join id=5ab592fc8fb9 l=[::1]:3000 r=[2a03:2880:10ff:52::]:65456
t=2026-06-04T15:32:08-0600 lvl=info msg="join connections" obj=join id=7c29218987db l=[::1]:3000 r=[2a03:2880:22ff:4a::]:54476
t=2026-06-04T15:32:08-0600 lvl=info msg="join connections" obj=join id=9be14d558848 l=[::1]:3000 r=[2a03:2880:21ff:72::]:45858
t=2026-06-04T15:32:44-0600 lvl=info msg="join connections" obj=join id=167189e6c5cc l=[::1]:3000 r=[2a03:2880:22ff:45::]:60848
t=2026-06-04T15:32:45-0600 lvl=info msg="join connections" obj=join id=0d2013f14120 l=[::1]:3000 r=[2a03:2880:18ff:45::]:47664
t=2026-06-04T15:32:46-0600 lvl=info msg="join connections" obj=join id=6e4dd6ba5fcc l=[::1]:3000 r=[2a03:2880:10ff:59::]:60216
t=2026-06-04T15:32:46-0600 lvl=info msg="join connections" obj=join id=c16687d6389d l=[::1]:3000 r=[2a03:2880:10ff:4a::]:36144
t=2026-06-04T15:32:46-0600 lvl=info msg="join connections" obj=join id=16dbb88ebf31 l=[::1]:3000 r=[2a03:2880:22ff:2::]:59346
t=2026-06-04T15:32:47-0600 lvl=info msg="join connections" obj=join id=b1cac4b53b2b l=[::1]:3000 r=[2a03:2880:10ff:4b::]:37326
t=2026-06-04T15:32:47-0600 lvl=info msg="join connections" obj=join id=87b5297e053f l=[::1]:3000 r=[2a03:2880:22ff:3::]:57252
t=2026-06-04T15:32:47-0600 lvl=info msg="join connections" obj=join id=49a275b0f475 l=[::1]:3000 r=[2a03:2880:10ff:5::]:50592
t=2026-06-04T15:36:33-0600 lvl=info msg="join connections" obj=join id=e7aa9b0bdf56 l=[::1]:3000 r=[2a03:2880:22ff:44::]:61564
t=2026-06-04T15:36:36-0600 lvl=info msg="join connections" obj=join id=43aed959b9ae l=[::1]:3000 r=[2a03:2880:2ff:41::]:40460
t=2026-06-04T15:36:36-0600 lvl=info msg="join connections" obj=join id=d5040e95a1da l=[::1]:3000 r=[2a03:2880:10ff::]:46542
t=2026-06-04T15:36:36-0600 lvl=info msg="join connections" obj=join id=d8283904418e l=[::1]:3000 r=[2a03:2880:10ff:8::]:34314
t=2026-06-04T15:36:36-0600 lvl=info msg="join connections" obj=join id=fef37d7a9a4e l=[::1]:3000 r=[2a03:2880:2ff:41::]:40470
t=2026-06-04T15:36:38-0600 lvl=info msg="join connections" obj=join id=9b332eed8874 l=[::1]:3000 r=[2a03:2880:22ff:47::]:65244
t=2026-06-04T15:36:39-0600 lvl=info msg="join connections" obj=join id=b26fb73cdb76 l=[::1]:3000 r=[2a03:2880:10ff:9::]:59260
t=2026-06-04T15:36:40-0600 lvl=info msg="join connections" obj=join id=67e297c030d4 l=[::1]:3000 r=[2a03:2880:22ff:6::]:57394
t=2026-06-04T15:36:40-0600 lvl=info msg="join connections" obj=join id=a86b18a0013c l=[::1]:3000 r=[2a03:2880:10ff:52::]:50838
t=2026-06-04T15:37:03-0600 lvl=info msg="join connections" obj=join id=bc34c0f8c4ae l=[::1]:3000 r=[2a03:2880:12ff:4::]:63498
t=2026-06-04T15:37:05-0600 lvl=info msg="join connections" obj=join id=7c3eaec7a410 l=[::1]:3000 r=[2a03:2880:12ff:70::]:37124
t=2026-06-04T15:37:05-0600 lvl=info msg="join connections" obj=join id=6a7055f38642 l=[::1]:3000 r=[2a03:2880:22ff:40::]:49818
t=2026-06-04T15:37:05-0600 lvl=info msg="join connections" obj=join id=dced1ce1c8c5 l=[::1]:3000 r=[2a03:2880:2ff:4d::]:38190
t=2026-06-04T15:37:06-0600 lvl=info msg="join connections" obj=join id=0be591a8de98 l=[::1]:3000 r=[2a03:2880:12ff:74::]:40430
t=2026-06-04T15:37:06-0600 lvl=info msg="join connections" obj=join id=697fa0bfe9ab l=[::1]:3000 r=[2a03:2880:10ff:55::]:38290
t=2026-06-04T15:37:06-0600 lvl=info msg="join connections" obj=join id=f84170b12ec4 l=[::1]:3000 r=[2a03:2880:22ff:47::]:43892
t=2026-06-04T15:37:06-0600 lvl=info msg="join connections" obj=join id=21083421c62a l=[::1]:3000 r=[2a03:2880:22ff::]:56966
t=2026-06-04T15:37:06-0600 lvl=info msg="join connections" obj=join id=8a01dcc7f75a l=[::1]:3000 r=[2a03:2880:22ff:40::]:49828
t=2026-06-04T15:37:06-0600 lvl=info msg="join connections" obj=join id=c144afbf9d69 l=[::1]:3000 r=[2a03:2880:2ff:45::]:56284
t=2026-06-04T15:37:29-0600 lvl=info msg="join connections" obj=join id=ec1f3ab62871 l=[::1]:3000 r=[2a03:2880:21ff:4a::]:64038
t=2026-06-04T15:37:29-0600 lvl=info msg="join connections" obj=join id=b65478c5a702 l=[::1]:3000 r=[2a03:2880:10ff:41::]:54308
t=2026-06-04T15:37:29-0600 lvl=info msg="join connections" obj=join id=c93a4ddc8fb9 l=[::1]:3000 r=[2a03:2880:10ff:4b::]:60332
t=2026-06-04T16:49:14-0600 lvl=info msg="join connections" obj=join id=d9437e179953 l=[::1]:3000 r=[2a03:2880:2ff:71::]:40560
t=2026-06-04T16:49:17-0600 lvl=info msg="join connections" obj=join id=6b054840e2a3 l=[::1]:3000 r=[2a03:2880:22ff:7::]:44112
t=2026-06-04T16:49:17-0600 lvl=info msg="join connections" obj=join id=ed7170466ce8 l=[::1]:3000 r=[2a03:2880:22ff:4::]:37904
t=2026-06-04T16:49:17-0600 lvl=info msg="join connections" obj=join id=75ff13be4807 l=[::1]:3000 r=[2a03:2880:21ff:1::]:43494
t=2026-06-04T16:49:21-0600 lvl=info msg="join connections" obj=join id=c17051fbb9a5 l=[::1]:3000 r=[2a03:2880:22ff:46::]:46878
t=2026-06-04T16:49:23-0600 lvl=info msg="join connections" obj=join id=3a38e6c93682 l=[::1]:3000 r=[2a03:2880:10ff:42::]:62502
t=2026-06-04T16:49:23-0600 lvl=info msg="join connections" obj=join id=8aa72f07fb7e l=[::1]:3000 r=[2a03:2880:10ff:53::]:60886
t=2026-06-04T16:49:23-0600 lvl=info msg="join connections" obj=join id=6074b9296f45 l=[::1]:3000 r=[2a03:2880:21ff:49::]:39114
t=2026-06-04T16:49:23-0600 lvl=info msg="join connections" obj=join id=a054e4d00bd0 l=[::1]:3000 r=[2a03:2880:10ff:7::]:45184
t=2026-06-04T16:49:27-0600 lvl=info msg="join connections" obj=join id=80b8ca10e8a3 l=[::1]:3000 r=[2a03:2880:22ff:43::]:55604
t=2026-06-04T16:49:30-0600 lvl=info msg="join connections" obj=join id=f96a425abdc9 l=[::1]:3000 r=[2a03:2880:12ff:7::]:41204
t=2026-06-04T16:49:30-0600 lvl=info msg="join connections" obj=join id=bcd3a44a998c l=[::1]:3000 r=[2a03:2880:22ff:7::]:52982
t=2026-06-04T16:49:30-0600 lvl=info msg="join connections" obj=join id=3e4ab4d4cc31 l=[::1]:3000 r=[2a03:2880:22ff:4c::]:54806
t=2026-06-04T16:49:30-0600 lvl=info msg="join connections" obj=join id=16c997d4560d l=[::1]:3000 r=[2a03:2880:22ff:44::]:47122
t=2026-06-04T16:49:30-0600 lvl=info msg="join connections" obj=join id=8d7a59052517 l=[::1]:3000 r=[2a03:2880:22ff:5::]:58616
t=2026-06-04T16:49:31-0600 lvl=info msg="join connections" obj=join id=adb5458bd1c9 l=[::1]:3000 r=[2a03:2880:10ff:4e::]:48234
t=2026-06-04T16:49:31-0600 lvl=info msg="join connections" obj=join id=98e028ac6bed l=[::1]:3000 r=[2a03:2880:10ff:5c::]:42888
t=2026-06-04T16:49:31-0600 lvl=info msg="join connections" obj=join id=65fc1d26186d l=[::1]:3000 r=[2a03:2880:10ff:4b::]:37684
t=2026-06-04T16:49:31-0600 lvl=info msg="join connections" obj=join id=c4fdc2ec41d3 l=[::1]:3000 r=[2a03:2880:10ff:5f::]:34348
t=2026-06-04T16:49:32-0600 lvl=info msg="join connections" obj=join id=8f6f7410c33d l=[::1]:3000 r=[2a03:2880:10ff:7e::]:44666
t=2026-06-04T16:49:32-0600 lvl=info msg="join connections" obj=join id=74c0473a5d8d l=[::1]:3000 r=[2a03:2880:12ff:9::]:47800
t=2026-06-04T16:49:32-0600 lvl=info msg="join connections" obj=join id=12ab65bf3e75 l=[::1]:3000 r=[2a03:2880:10ff:70::]:60774
t=2026-06-04T16:49:35-0600 lvl=info msg="join connections" obj=join id=77739c871279 l=[::1]:3000 r=[2a03:2880:10ff:58::]:47600
t=2026-06-04T16:49:37-0600 lvl=info msg="join connections" obj=join id=aebe0891de81 l=[::1]:3000 r=[2a03:2880:10ff:4c::]:44896
t=2026-06-04T16:49:37-0600 lvl=info msg="join connections" obj=join id=001fc3ca5f54 l=[::1]:3000 r=[2a03:2880:22ff:3::]:58982
t=2026-06-04T16:49:37-0600 lvl=info msg="join connections" obj=join id=87b797e731d6 l=[::1]:3000 r=[2a03:2880:21ff:7c::]:47250
t=2026-06-04T16:49:38-0600 lvl=info msg="join connections" obj=join id=406f0f529362 l=[::1]:3000 r=[2a03:2880:10ff:4b::]:37732
t=2026-06-04T16:49:41-0600 lvl=info msg="join connections" obj=join id=71094d31c71c l=[::1]:3000 r=[2a03:2880:22ff:46::]:55880
t=2026-06-04T16:49:47-0600 lvl=info msg="join connections" obj=join id=08609944dd32 l=[::1]:3000 r=[2a03:2880:10ff:45::]:38140
t=2026-06-04T16:49:47-0600 lvl=info msg="join connections" obj=join id=8bb908ab65f0 l=[::1]:3000 r=[2a03:2880:10ff:4c::]:60170
t=2026-06-04T16:49:47-0600 lvl=info msg="join connections" obj=join id=a9e251dc9cd2 l=[::1]:3000 r=[2a03:2880:10ff:4c::]:60184
t=2026-06-04T16:49:47-0600 lvl=info msg="join connections" obj=join id=c569f64b47c9 l=[::1]:3000 r=[2a03:2880:10ff:47::]:64196
t=2026-06-04T16:49:49-0600 lvl=info msg="join connections" obj=join id=59e58190b5ab l=[::1]:3000 r=[2a03:2880:22ff:45::]:53924
t=2026-06-04T16:49:51-0600 lvl=info msg="join connections" obj=join id=6b96fc7193b4 l=[::1]:3000 r=[2a03:2880:10ff:52::]:46360
t=2026-06-04T16:49:51-0600 lvl=info msg="join connections" obj=join id=ade8d5cda8c9 l=[::1]:3000 r=[2a03:2880:2ff:6::]:56946
t=2026-06-04T16:49:52-0600 lvl=info msg="join connections" obj=join id=c1cf92206833 l=[::1]:3000 r=[2a03:2880:22ff::]:60384
t=2026-06-04T16:49:52-0600 lvl=info msg="join connections" obj=join id=f18d7a8e082b l=[::1]:3000 r=[2a03:2880:12ff:41::]:49528
t=2026-06-04T16:49:54-0600 lvl=info msg="join connections" obj=join id=c73e74366d4b l=[::1]:3000 r=[2a03:2880:12ff:3::]:49008
t=2026-06-04T16:49:55-0600 lvl=info msg="join connections" obj=join id=a119a4681f2e l=[::1]:3000 r=[2a03:2880:10ff:56::]:34416
t=2026-06-04T16:49:56-0600 lvl=info msg="join connections" obj=join id=91191931c0cf l=[::1]:3000 r=[2a03:2880:21ff:1::]:33798
t=2026-06-04T16:49:56-0600 lvl=info msg="join connections" obj=join id=8ab57c5f0e1b l=[::1]:3000 r=[2a03:2880:22ff:5::]:39128
t=2026-06-04T16:49:58-0600 lvl=info msg="join connections" obj=join id=b87e1cf9dad3 l=[::1]:3000 r=[2a03:2880:10ff:5::]:38020
t=2026-06-04T16:50:00-0600 lvl=info msg="join connections" obj=join id=dec564a80818 l=[::1]:3000 r=[2a03:2880:10ff:4b::]:42620
t=2026-06-04T16:50:00-0600 lvl=info msg="join connections" obj=join id=b4df5352fe77 l=[::1]:3000 r=[2a03:2880:22ff::]:60410
t=2026-06-04T16:50:00-0600 lvl=info msg="join connections" obj=join id=338085cff83d l=[::1]:3000 r=[2a03:2880:2ff:51::]:34836
t=2026-06-04T16:50:00-0600 lvl=info msg="join connections" obj=join id=a385baeaacaf l=[::1]:3000 r=[2a03:2880:10ff:5c::]:55558
t=2026-06-04T16:50:09-0600 lvl=info msg="join connections" obj=join id=0049740ba687 l=[::1]:3000 r=[2a03:2880:2ff:47::]:43478
t=2026-06-04T16:50:12-0600 lvl=info msg="join connections" obj=join id=0e52d9eadd25 l=[::1]:3000 r=[2a03:2880:10ff:3::]:59212
t=2026-06-04T16:50:13-0600 lvl=info msg="join connections" obj=join id=b6d9018a1c0a l=[::1]:3000 r=[2a03:2880:2ff:5f::]:56972
t=2026-06-04T16:50:13-0600 lvl=info msg="join connections" obj=join id=7e03fdf6e18f l=[::1]:3000 r=[2a03:2880:12ff:4::]:44076
t=2026-06-04T16:50:13-0600 lvl=info msg="join connections" obj=join id=240ba8414668 l=[::1]:3000 r=[2a03:2880:10ff:55::]:51932
t=2026-06-04T16:50:16-0600 lvl=info msg="join connections" obj=join id=e2a0f8a3780a l=[::1]:3000 r=[2a03:2880:10ff:5::]:32784
t=2026-06-04T16:50:19-0600 lvl=info msg="join connections" obj=join id=00e7446b02cc l=[::1]:3000 r=[2a03:2880:12ff:2::]:41544
t=2026-06-04T16:50:19-0600 lvl=info msg="join connections" obj=join id=a1fdacc54cb2 l=[::1]:3000 r=[2a03:2880:18ff:53::]:38840
t=2026-06-04T16:50:19-0600 lvl=info msg="join connections" obj=join id=14703c53db1b l=[::1]:3000 r=[2a03:2880:10ff:9::]:43668
t=2026-06-04T16:50:20-0600 lvl=info msg="join connections" obj=join id=2f50f17d6d52 l=[::1]:3000 r=[2a03:2880:10ff::]:45698
t=2026-06-04T16:50:20-0600 lvl=info msg="join connections" obj=join id=506898655411 l=[::1]:3000 r=[2a03:2880:22ff:9::]:57258
t=2026-06-04T16:50:20-0600 lvl=info msg="join connections" obj=join id=bf3234a19406 l=[::1]:3000 r=[2a03:2880:2ff:7::]:47890
t=2026-06-04T16:50:20-0600 lvl=info msg="join connections" obj=join id=5ee43886d87d l=[::1]:3000 r=[2a03:2880:2ff:4d::]:52424
t=2026-06-04T16:50:20-0600 lvl=info msg="join connections" obj=join id=e71a58230cde l=[::1]:3000 r=[2a03:2880:10ff:70::]:44854
t=2026-06-04T16:50:20-0600 lvl=info msg="join connections" obj=join id=b0017ce888d7 l=[::1]:3000 r=[2a03:2880:22ff:44::]:62954
t=2026-06-04T16:50:21-0600 lvl=info msg="join connections" obj=join id=04f8799c05f8 l=[::1]:3000 r=[2a03:2880:22ff:4c::]:44282
t=2026-06-04T16:50:21-0600 lvl=info msg="join connections" obj=join id=b5d98b2577e6 l=[::1]:3000 r=[2a03:2880:22ff:73::]:53650
t=2026-06-04T16:50:21-0600 lvl=info msg="join connections" obj=join id=6bdc339bb624 l=[::1]:3000 r=[2a03:2880:10ff:4a::]:47222
t=2026-06-04T16:50:21-0600 lvl=info msg="join connections" obj=join id=3ea257fbc807 l=[::1]:3000 r=[2a03:2880:12ff:4::]:57430
t=2026-06-04T16:50:51-0600 lvl=info msg="join connections" obj=join id=0810b68ec70a l=[::1]:3000 r=[2a03:2880:10ff:58::]:34192
t=2026-06-04T16:50:51-0600 lvl=info msg="join connections" obj=join id=38fd9c5bf4c0 l=[::1]:3000 r=[2a03:2880:22ff:1::]:58966
t=2026-06-04T16:50:51-0600 lvl=info msg="join connections" obj=join id=ed2d05176540 l=[::1]:3000 r=[2a03:2880:2ff:4d::]:65102
t=2026-06-04T16:55:05-0600 lvl=info msg="join connections" obj=join id=2734067f5814 l=[::1]:3000 r=[2a03:2880:10ff:43::]:35078
t=2026-06-04T16:55:08-0600 lvl=info msg="join connections" obj=join id=94c4df317683 l=[::1]:3000 r=[2a03:2880:22ff:45::]:50226
t=2026-06-04T16:55:08-0600 lvl=info msg="join connections" obj=join id=7f3235379bfa l=[::1]:3000 r=[2a03:2880:10ff:43::]:35092
t=2026-06-04T16:55:08-0600 lvl=info msg="join connections" obj=join id=5bc0a7d07580 l=[::1]:3000 r=[2a03:2880:21ff:8::]:50544
t=2026-06-04T16:55:08-0600 lvl=info msg="join connections" obj=join id=9e082c67c47a l=[::1]:3000 r=[2a03:2880:2ff:74::]:50920
t=2026-06-04T17:10:29-0600 lvl=info msg="received stop request" obj=app stopReq="{err:<nil> restart:false}"
t=2026-06-04T17:10:29-0600 lvl=info msg="session closing" obj=tunnels.session err=nil
t=2026-06-04T17:10:29-0600 lvl=info msg="accept failed" obj=tunnels.session obj=csess id=4677869f5ac3 err="reconnecting session closed"
