
> wsp-bot@1.0.0 start
> node index.js

◇ injected env (26) from .env // tip: ⌘ multiple files { path: ['.env.local', '.env'] }
Servidor listo en el puerto 3000
Recordatorios de citas activos cada 60000ms
Seguimiento de servicios activo cada 60000ms
query {
  'hub.mode': 'subscribe',
  'hub.verify_token': 'tsbot',
  'hub.challenge': '12345'
}
result {
  messaging_product: 'whatsapp',
  contacts: [ { input: '529811695579', wa_id: '5219811695579' } ],
  messages: [
    {
      id: 'wamid.HBgNNTIxOTgxMTY5NTU3ORUCABEYEkYzMDVBQkZCQzg0MzQ2ODg1MAA='
    }
  ]
}
body [{"id":"1564567048672340","changes":[{"value":{"messaging_product":"whatsapp","metadata":{"display_phone_number":"5219821060551","phone_number_id":"1156248197578166"},"contacts":[{"wa_id":"5219811695579","user_id":"MX.4273147889613684"}],"statuses":[{"id":"wamid.HBgNNTIxOTgxMTY5NTU3ORUCABEYEkYzMDVBQkZCQzg0MzQ2ODg1MAA=","status":"sent","timestamp":"1782249172","recipient_id":"5219811695579","recipient_user_id":"MX.4273147889613684","pricing":{"billable":false,"pricing_model":"PMP","category":"service","type":"free_customer_service"}}]},"field":"messages"}]}]
body [{"id":"1564567048672340","changes":[{"value":{"messaging_product":"whatsapp","metadata":{"display_phone_number":"5219821060551","phone_number_id":"1156248197578166"},"contacts":[{"wa_id":"5219811695579","user_id":"MX.4273147889613684"}],"statuses":[{"id":"wamid.HBgNNTIxOTgxMTY5NTU3ORUCABEYEkYzMDVBQkZCQzg0MzQ2ODg1MAA=","status":"delivered","timestamp":"1782249172","recipient_id":"5219811695579","recipient_user_id":"MX.4273147889613684","pricing":{"billable":false,"pricing_model":"PMP","category":"service","type":"free_customer_service"}}]},"field":"messages"}]}]
body [{"id":"1564567048672340","changes":[{"value":{"messaging_product":"whatsapp","metadata":{"display_phone_number":"5219821060551","phone_number_id":"1156248197578166"},"contacts":[{"wa_id":"5219811695579","user_id":"MX.4273147889613684"}],"statuses":[{"id":"wamid.HBgNNTIxOTgxMTY5NTU3ORUCABEYEkYzMDVBQkZCQzg0MzQ2ODg1MAA=","status":"read","timestamp":"1782249179","recipient_id":"5219811695579","recipient_user_id":"MX.4273147889613684","pricing":{"billable":false,"pricing_model":"PMP","category":"service","type":"free_customer_service"}}]},"field":"messages"}]}]
body [{"id":"1564567048672340","changes":[{"value":{"messaging_product":"whatsapp","metadata":{"display_phone_number":"5219821060551","phone_number_id":"1156248197578166"},"contacts":[{"wa_id":"5219811695579","user_id":"MX.4273147889613684"}],"statuses":[{"id":"wamid.HBgNNTIxOTgxMTY5NTU3ORUCABEYEkYzMDVBQkZCQzg0MzQ2ODg1MAA=","status":"played","timestamp":"1782249179","recipient_id":"5219811695579","recipient_user_id":"MX.4273147889613684","pricing":{"billable":false,"pricing_model":"PMP","category":"service","type":"free_customer_service"}}]},"field":"messages"}]}]
body [{"id":"1564567048672340","changes":[{"value":{"messaging_product":"whatsapp","metadata":{"display_phone_number":"5219821060551","phone_number_id":"1156248197578166"},"contacts":[{"wa_id":"5219811695579","user_id":"MX.4273147889613684"}],"statuses":[{"id":"wamid.HBgNNTIxOTgxMTY5NTU3ORUCABEYEjFERjE5NzAwN0NFMzM2QTA5MQA=","status":"delivered","timestamp":"1782234029","recipient_id":"5219811695579","recipient_user_id":"MX.4273147889613684","pricing":{"billable":false,"pricing_model":"PMP","category":"service","type":"free_customer_service"}}]},"field":"messages"}]}]
body [{"id":"1564567048672340","changes":[{"value":{"messaging_product":"whatsapp","metadata":{"display_phone_number":"5219821060551","phone_number_id":"1156248197578166"},"contacts":[{"wa_id":"5219811695579","user_id":"MX.4273147889613684"}],"statuses":[{"id":"wamid.HBgNNTIxOTgxMTY5NTU3ORUCABEYEkMyQUY4OTQwNTZGRkIxMzA3OAA=","status":"failed","timestamp":"1782245452","recipient_id":"5219811695579","recipient_user_id":"MX.4273147889613684","errors":[{"code":131053,"title":"Media upload error","message":"Media upload error","error_data":{"details":"Downloading media from weblink failed with http code 404, status message Not Found"}}]}]},"field":"messages"}]}]
body [{"id":"1564567048672340","changes":[{"value":{"messaging_product":"whatsapp","metadata":{"display_phone_number":"5219821060551","phone_number_id":"1156248197578166"},"contacts":[{"wa_id":"5219811695579","user_id":"MX.4273147889613684"}],"statuses":[{"id":"wamid.HBgNNTIxOTgxMTY5NTU3ORUCABEYEkE0MzNFQ0ExRjcwNzEzNjJCQwA=","status":"delivered","timestamp":"1782245395","recipient_id":"5219811695579","recipient_user_id":"MX.4273147889613684","pricing":{"billable":false,"pricing_model":"PMP","category":"service","type":"free_customer_service"}}]},"field":"messages"}]}]
